--------- beginning of main
04-29 [REDACTED_IP].136   871  1028 I VSyncReactor: Current= 90, TransitioningTo= 60, Distance= 60
04-29 [REDACTED_IP].235  1888  1996 D MobileStatusTracker(1/1): [REDACTED_TOKEN] level=4, vendorLevel=4
04-29 [REDACTED_IP].237  1888  1996 D MobileSignalController(1/1): notifyListener: enabled=true, connected=true, dataConnected=false, networkType=GSM (Unknown), emergencyOnly=true, roaming=false, isDefault=false, dataActivity=, level=4, ca=false, mmWave=false, disabledDataIcon=false, simCard=ETC
04-29 [REDACTED_IP].238  1888  1996 D NetworkController: SignalStrength from intent slotId=1
--------- beginning of system
04-29 [REDACTED_IP].282   391   391 D io_stats: !@ 179,0 r 22317582 330693767 w 2862906 29208624 d 813610 24577484 f 0 0 iot 5893436 0 th 0 0 0 pt 0 inp 0 0 48248.684
04-29 [REDACTED_IP].319  1208  1208 W WindowManager: removeWindowToken: Attempted to remove non-existing token: android.os.Binder@8593b66
04-29 [REDACTED_IP].673  3802  3802 I SDHMS:LOAD: type: LoadsFreqs, value: [REDACTED_IP]1322620:2002000:546000:1322620:2002000:546000:[REDACTED_IP]
04-29 [REDACTED_IP].938  1828  1828 I wpa_supplicant: Heartbeat 4774
04-29 [REDACTED_IP].141   845 32557 I HYPER-HAL: [RequestManager.cpp]releaseLocked(): Released ID : 1752256
04-29 [REDACTED_IP].180  1208  3924 D InputDispatcher: Inject motion (30595/2000): action=0x9, time=48249581000000, f=0x0, d=0 dsdx=1.000000 dtdx=0.000000
04-29 [REDACTED_IP].182  1208  1386 I InputDispatcher: Delivering touch to (32515): action: 0x9, f=0x0, d=0, 'd578d43', t=1 
04-29 [REDACTED_IP].182  1208  1386 D PowerManagerService: [api] userActivityFromNative :  (event: 0 flags: 8192 displayId: 0) eventTime = 48249581
04-29 [REDACTED_IP].183 32515 32515 I ViewRootImpl: updatePointerIcon pointerType = 1000, calling pid = 32515
04-29 [REDACTED_IP].184 32515 32515 D InputManager: setPointerIconType iconId = 1000, callingPid = 32515
04-29 [REDACTED_IP].185  1208  1386 I InputDispatcher: Delivering touch to (32515): action: 0x9, f=0x0, d=0, 'd578d43', t=1 
04-29 [REDACTED_IP].186 32515 32515 I ViewRootImpl: updatePointerIcon pointerType = 1000, calling pid = 32515
04-29 [REDACTED_IP].187   871   871 I DisplayDevice: [Display 0 (internal, primary, "Primary display")] ActiveConfigToHWC, ID : 0
04-29 [REDACTED_IP].187   837  1608 I display : Use default fps instead of 90 for setting capacity
04-29 [REDACTED_IP].187   871   871 I SurfaceFlinger: Touch - choose 90.00 Hz
04-29 [REDACTED_IP].187 32515 32515 D InputManager: setPointerIconType iconId = 1000, callingPid = 32515
04-29 [REDACTED_IP].195   871  1437 D NativeSemDvfsManager: acquire:: timeout = 2000 mIsAcquired = 1  mTagName : SurfaceFlinger 
04-29 [REDACTED_IP].196   871  1437 E [REDACTED_TOKEN]: [NativeCFMS] [REDACTED_TOKEN]::acquire()
04-29 [REDACTED_IP].196   845   907 I HYPER-HAL: [RequestManager.cpp]acquire(): Acquired ID : 1752256  [871 / 1000]    HINT : SF_GPU_MINLOCK    list : [TIMEOUT / 2000] 
04-29 [REDACTED_IP].200   871  1028 I VSyncReactor: Current= 60, TransitioningTo= 90, Distance= 90
04-29 [REDACTED_IP].208   871   871 I Scheduler: DisplayModeChanged : 0
04-29 [REDACTED_IP].361  1208  3200 D [REDACTED_TOKEN]: onWifiUsabilityStats - seqNum 10260, isSameBssidAndFreq true
04-29 [REDACTED_IP].363  1208  1772 I [REDACTED_TOKEN]: Link Qos Query: 0.385 ms / 20.800 Mbps (52 / 0.000 / 2.500)
04-29 [REDACTED_IP].587  1208  1247 I UsageStatsService: User[0] Flushing usage stats to disk
04-29 [REDACTED_IP].589   871   871 I DisplayDevice: [Display 0 (internal, primary, "Primary display")] ActiveConfigToHWC, ID : 1
04-29 [REDACTED_IP].590   871   871 I SurfaceFlinger: Idle - choose 60.00 Hz
04-29 [REDACTED_IP].611   871   871 I DisplayDevice: [Display 0 (internal, primary, "Primary display")] ActiveConfigToHWC, ID : 0
04-29 [REDACTED_IP].612   837  1608 I display : Use default fps instead of 90 for setting capacity
04-29 [REDACTED_IP].612   871   871 I SurfaceFlinger: Touch - choose 90.00 Hz
04-29 [REDACTED_IP].643  1208  2314 D InputDispatcher: Inject motion (30595/2000): action=0xa, time=48250045000000, f=0x0, d=0 dsdx=1.000000 dtdx=0.000000
04-29 [REDACTED_IP].644  1208  1386 I InputDispatcher: Delivering touch to (32515): action: 0xa, f=0x0, d=0, 'd578d43', t=1 
04-29 [REDACTED_IP].662   871   871 I Scheduler: DisplayModeChanged : 0
04-29 [REDACTED_IP].685   871  1028 I VSyncReactor: Current= 90, TransitioningTo= 0, Distance= 90
04-29 [REDACTED_IP].732  1208  1247 I UsageStatsService: User[95] Flushing usage stats to disk
04-29 [REDACTED_IP].878  1208  1273 D PowerManagerService: [REDACTED_TOKEN]: 0
04-29 [REDACTED_IP].900  1208  3853 E TaskPersister: File error accessing recents directory (directory doesn't exist?).
04-29 [REDACTED_IP].902   871   871 I DisplayDevice: [Display 0 (internal, primary, "Primary display")] ActiveConfigToHWC, ID : 1
04-29 [REDACTED_IP].902   871   871 I SurfaceFlinger: Idle - choose 60.00 Hz
04-29 [REDACTED_IP].942   871  1028 I VSyncReactor: Current= 90, TransitioningTo= 60, Distance= 60
04-29 [REDACTED_IP].106  1208  1873 I Pageboost: Launcher App Execution
04-29 [REDACTED_IP].284   391   391 D io_stats: !@ 179,0 r 22317634 330693995 w 2862954 29209700 d 813610 24577484 f 0 0 iot 5893504 0 th 0 0 0 pt 0 inp 0 0 48250.686
04-29 [REDACTED_IP].389 30595 31758 I MediaCodec: setCodecState state(0), called in 6
04-29 [REDACTED_IP].390  1208  3924 V [REDACTED_TOKEN]: JNIMediaResourceHelper::notify eventType : 3, ext1 : 0, ext2 : 0
04-29 [REDACTED_IP].390  1208  3924 V [REDACTED_TOKEN]: notify eventType : 3, ext1 : 0, ext2 : 0
04-29 [REDACTED_IP].390 27653 27671 V [REDACTED_TOKEN]: JNIMediaResourceHelper::notify eventType : 3, ext1 : 0, ext2 : 0
04-29 [REDACTED_IP].391  1208  1376 I SemMediaResourceHelper: onState
04-29 [REDACTED_IP].391 27653 27671 V [REDACTED_TOKEN]: notify eventType : 3, ext1 : 0, ext2 : 0
04-29 [REDACTED_IP].391  3802  3802 I SemMediaResourceHelper: onState
04-29 [REDACTED_IP].392 27653 27719 I SemMediaResourceHelper: onState
04-29 [REDACTED_IP].392 27653 27719 I DrmMediaResourceHelper: onStateChanged size = 1
04-29 [REDACTED_IP].392 27653 27719 I DrmMediaResourceHelper: resource type: 2,,,isSecured :  falseIsEncoder : truegetCodecState : 0getpid : 30595
04-29 [REDACTED_IP].591   804   804 E audit   : type=1400 audit(1777474704.587:38753): avc:  denied  { write } for  pid=8557 comm="ThreadPoolForeg" name="traced_producer" dev="tmpfs" ino=9946 scontext=u:r:gmscore_app:s0:c512,c768 tcontext=u:object_r:traced_producer_socket:s0 tclass=sock_file permissive=0 SEPF_SM-M127F_13_0001 audit_filtered
04-29 [REDACTED_IP].591   804   804 E audit   : type=1300 audit(1777474704.587:38753): arch=c00000b7 syscall=203 success=no exit=-13 a0=af a1=b400007723662de0 a2=1e a3=ffffffff960e9fea items=1 ppid=821 pid=8557 auid=4294967295 uid=10198 gid=10198 euid=10198 suid=10198 fsuid=10198 egid=10198 sgid=10198 fsgid=10198 tty=(none) ses=4294967295 comm="ThreadPoolForeg" exe="/system/bin/app_process64" subj=u:r:gmscore_app:s0:c512,c768 key=(null)
04-29 [REDACTED_IP].591   804   804 E audit   : type=1306 audit(1777474704.587:38753): saddr=[REDACTED_TOKEN]
04-29 [REDACTED_IP].591   804   804 E audit   : type=1302 audit(1777474704.587:38753): item=0 name="/dev/socket/traced_producer" inode=9946 dev=00:10 mode=0140666 ouid=0 ogid=0 rdev=00:00 obj=u:object_r:traced_producer_socket:s0 nametype=NORMAL cap_fp=0000000000000000 cap_fi=0000000000000000 cap_fe=0 cap_fver=0
04-29 [REDACTED_IP].591   804   804 E audit   : type=1327 audit(1777474704.587:38753): proctitle="com.google.android.gms"
04-29 [REDACTED_IP].936  1208  1208 I WindowManager: Reparenting to leash, surface=Surface(name=b8681a1 Toast)/@0x85349aa, leashParent=Surface(name=[REDACTED_NAME]{2f130ee type=2005 android.os.Binder@d886e69})/@0xf64599b
04-29 [REDACTED_IP].938   871  1434 I SurfaceFlinger: id=13869 createSurf flag=24000, Surface(name=b8681a1 Toast)/@0x85349aa - animation-leash of window_animation#13869
04-29 [REDACTED_IP].938  1208  1236 D LocalDisplayAdapter: updateActiveModeLocked for d=0, mActiveModeId=2, mActiveSfDisplayMode=DisplayMode{id=1, width=720, height=1600, xDpi=268.941, yDpi=269.139, refreshRate=60.000004, appVsyncOffsetNanos=0, [REDACTED_TOKEN]=17666666, group=0}
04-29 [REDACTED_IP].940  1208  1236 I DisplayDeviceRepository: Display device changed: DisplayDeviceInfo{"Built-in Screen": uniqueId="local:0", 720 x 1600, modeId 2, defaultModeId 1, supportedModes [{id=1, width=720, height=1600, fps=90.0, alternativeRefreshRates=[60.000004]}, {id=2, width=720, height=1600, fps=60.000004, alternativeRefreshRates=[90.0]}], colorMode 0, supportedColorModes [0], hdrCapabilities HdrCapabilities{mSupportedHdrTypes=[], mMaxLuminance=500.0, mMaxAverageLuminance=500.0, mMinLuminance=0.0}, allmSupported false, [REDACTED_TOKEN] false, density 300, 268.941 x 269.139 dpi, appVsyncOff 0, presDeadline 17666666, cutout DisplayCutout{insets=Rect(0, 45 - 0, 0) waterfall=Insets{left=0, top=0, right=0, bottom=0} boundingRect={Bounds=[Rect(0, 0 - 0, 0), Rect(272, 0 - 448, 45), Rect(0, 0 - 0, 0), Rect(0, 0 - 0, 0)]} cutoutPathParserInfo={CutoutPathParserInfo{displayWidth=720 displayHeight=1600 physicalDisplayWidth=720 physicalDisplayHeight=1600 density={1.875} cutoutSpec={M 0,0 H -88 V 45 H 88 V 0 H 0 Z} rotation={0} scale={1.0} [REDACTED_TOKEN]={1.0}}}}, touch INTERNAL, rotation 0, type INTERNAL, address {port=0}, deviceProductInfo null, state ON, frameRateOverride , brightnessMinimum 0.0, brightnessMaximum 1.0, brightnessDefault 0.5019608, roundedCorners RoundedCorners{[RoundedCorner{position=TopLeft, radius=56, center=Point(56, 56)}, RoundedCorner{position=TopRight, radius=56, center=Point(664, 56)}, RoundedCorner{position=BottomRight, radius=56, center=Point(664, 1544)}, RoundedCorner{position=BottomLeft, radius=56, center=Point(56, 1544)}]}, [REDACTED_TOKEN], [REDACTED_TOKEN], FLAG_SECURE, [REDACTED_TOKEN], installOrientation 0}
04-29 [REDACTED_IP].940  1208  1208 D WindowManager: makeSurface duration=3 leash=Surface(name=[REDACTED_NAME](name=b8681a1 Toast)/@0x85349aa - animation-leash of window_animation)/@0xa868b74
04-29 [REDACTED_IP].945  1208  2765 D LiftUpHandler: [LTW] Stopped already.
04-29 [REDACTED_IP].951   871  1437 D NativeSemDvfsManager: acquire:: timeout = 2000 mIsAcquired = 1  mTagName : SurfaceFlinger 
04-29 [REDACTED_IP].952   871  1437 E [REDACTED_TOKEN]: [NativeCFMS] [REDACTED_TOKEN]::acquire()
04-29 [REDACTED_IP].952   845   907 I HYPER-HAL: [RequestManager.cpp]acquire(): Acquired ID : 1752256  [871 / 1000]    HINT : SF_GPU_MINLOCK    list : [TIMEOUT / 2000] 
04-29 [REDACTED_IP].954  1208  3924 D CoreBackPreview: Window{b8681a1 u0 Toast}: Setting back callback null
04-29 [REDACTED_IP].955  1208  1208 D SGM:GameManager: onDisplayChanged. displyId: 0, state: 2
04-29 [REDACTED_IP].955  1208  1403 D SGM:FgCheckThread: onLooperPrepared(), msg: MSG_LCD_ON
04-29 [REDACTED_IP].955  1208  1208 D AODManagerService: requestReCalToTSP IsSingleTouchMode = false / previousDisplayState = ON
04-29 [REDACTED_IP].964  1888  1959 D OpenGLRenderer: setSurface called with nullptr
04-29 [REDACTED_IP].964  1888  1959 D OpenGLRenderer: setSurface() destroyed EGLSurface
04-29 [REDACTED_IP].964  1888  1959 D OpenGLRenderer: destroyEglSurface
04-29 [REDACTED_IP].966  1888  1888 I ViewRootImpl@4fd8180[Toast]: [REDACTED_TOKEN]
04-29 [REDACTED_IP].971  1208  3924 D InputTransport: Input channel destroyed: 'b8681a1', fd=748
04-29 [REDACTED_IP].971  1208  3924 W InputManager-JNI: Input channel object 'b8681a1 Toast (client)' was disposed without first being removed with the input manager!
04-29 [REDACTED_IP].971  1208  3924 D InputTransport: Input channel destroyed: 'b8681a1', fd=899
04-29 [REDACTED_IP].972  1208  3924 V WindowManager: Remove Window{b8681a1 u0 Toast}: mSurfaceController=Surface(name=[REDACTED_NAME]$_1888)/@0x6e67199 mAnimatingExit=false mRemoveOnExit=false mHasSurface=true surfaceShowing=true animating=true app-animation=false mWillReplaceWindow=false mDisplayFrozen=false callers=com.android.server.wm.WindowState.removeIfPossible:3041 com.android.server.wm.WindowManagerService.removeWindow:2289 com.android.server.wm.Session.remove:236 android.view.IWindowSession$Stub.onTransact:743 com.android.server.wm.Session.onTransact:188 android.os.Binder.execTransactInternal:1321 
04-29 [REDACTED_IP].972  1208  3924 V WindowManager: removeIfPossible 2, Window{b8681a1 u0 Toast}: mAnimatingExit=true caller=com.android.server.wm.WindowState.removeIfPossible:3041 com.android.server.wm.WindowManagerService.removeWindow:2289 com.android.server.wm.Session.remove:236 android.view.IWindowSession$Stub.onTransact:743 com.android.server.wm.Session.onTransact:188 
04-29 [REDACTED_IP].973 30595 31758 I MediaCodec: setCodecState state(1), called in 6
04-29 [REDACTED_IP].974 27653 27671 V [REDACTED_TOKEN]: JNIMediaResourceHelper::notify eventType : 3, ext1 : 0, ext2 : 0
04-29 [REDACTED_IP].974  1208  2314 V [REDACTED_TOKEN]: JNIMediaResourceHelper::notify eventType : 3, ext1 : 0, ext2 : 0
04-29 [REDACTED_IP].974 27653 27671 V [REDACTED_TOKEN]: notify eventType : 3, ext1 : 0, ext2 : 0
04-29 [REDACTED_IP].974  1208  2314 V [REDACTED_TOKEN]: notify eventType : 3, ext1 : 0, ext2 : 0
04-29 [REDACTED_IP].974 27653 27719 I SemMediaResourceHelper: onState
04-29 [REDACTED_IP].974 27653 27719 I DrmMediaResourceHelper: onStateChanged size = 1
04-29 [REDACTED_IP].974 27653 27719 I DrmMediaResourceHelper: resource type: 2,,,isSecured :  falseIsEncoder : truegetCodecState : 1getpid : 30595
04-29 [REDACTED_IP].974  1208  1376 I SemMediaResourceHelper: onState
04-29 [REDACTED_IP].974  3802  3802 I SemMediaResourceHelper: onState
04-29 [REDACTED_IP].976  1888  1888 D InputTransport: Input channel destroyed: 'b8681a1', fd=287
04-29 [REDACTED_IP].976  1208  3924 W NotificationService: Toast already killed. pkg=com.example.getudiant token=android.os.BinderProxy@c112c5e
04-29 [REDACTED_IP].977  1888  1888 D DisplayLifecycle: updateDisplay id = 0
04-29 [REDACTED_IP].978   871  1028 I VSyncReactor: Current= 60, TransitioningTo= 90, Distance= 60
04-29 [REDACTED_IP].981   871   871 I DisplayDevice: [Display 0 (internal, primary, "Primary display")] ActiveConfigToHWC, ID : 0
04-29 [REDACTED_IP].981   837  1608 I display : Use default fps instead of 90 for setting capacity
04-29 [REDACTED_IP].981   871   871 I SurfaceFlinger: Touch - choose 90.00 Hz
04-29 [REDACTED_IP].994   871  1028 I VSyncReactor: Current= 60, TransitioningTo= 90, Distance= 60
04-29 [REDACTED_IP].005   871  1028 I VSyncReactor: Current= 60, TransitioningTo= 90, Distance= 90
04-29 [REDACTED_IP].016   871   871 I Scheduler: DisplayModeChanged : 0
04-29 [REDACTED_IP].017  1208  1236 D LocalDisplayAdapter: updateActiveModeLocked for d=0, mActiveModeId=1, mActiveSfDisplayMode=DisplayMode{id=0, width=720, height=1600, xDpi=268.941, yDpi=269.139, refreshRate=90.0, appVsyncOffsetNanos=0, [REDACTED_TOKEN]=12111111, group=0}
04-29 [REDACTED_IP].018  1208  1236 I DisplayDeviceRepository: Display device changed: DisplayDeviceInfo{"Built-in Screen": uniqueId="local:0", 720 x 1600, modeId 1, defaultModeId 1, supportedModes [{id=1, width=720, height=1600, fps=90.0, alternativeRefreshRates=[60.000004]}, {id=2, width=720, height=1600, fps=60.000004, alternativeRefreshRates=[90.0]}], colorMode 0, supportedColorModes [0], hdrCapabilities HdrCapabilities{mSupportedHdrTypes=[], mMaxLuminance=500.0, mMaxAverageLuminance=500.0, mMinLuminance=0.0}, allmSupported false, [REDACTED_TOKEN] false, density 300, 268.941 x 269.139 dpi, appVsyncOff 0, presDeadline 12111111, cutout DisplayCutout{insets=Rect(0, 45 - 0, 0) waterfall=Insets{left=0, top=0, right=0, bottom=0} boundingRect={Bounds=[Rect(0, 0 - 0, 0), Rect(272, 0 - 448, 45), Rect(0, 0 - 0, 0), Rect(0, 0 - 0, 0)]} cutoutPathParserInfo={CutoutPathParserInfo{displayWidth=720 displayHeight=1600 physicalDisplayWidth=720 physicalDisplayHeight=1600 density={1.875} cutoutSpec={M 0,0 H -88 V 45 H 88 V 0 H 0 Z} rotation={0} scale={1.0} [REDACTED_TOKEN]={1.0}}}}, touch INTERNAL, rotation 0, type INTERNAL, address {port=0}, deviceProductInfo null, state ON, frameRateOverride , brightnessMinimum 0.0, brightnessMaximum 1.0, brightnessDefault 0.5019608, roundedCorners RoundedCorners{[RoundedCorner{position=TopLeft, radius=56, center=Point(56, 56)}, RoundedCorner{position=TopRight, radius=56, center=Point(664, 56)}, RoundedCorner{position=BottomRight, radius=56, center=Point(664, 1544)}, RoundedCorner{position=BottomLeft, radius=56, center=Point(56, 1544)}]}, [REDACTED_TOKEN], [REDACTED_TOKEN], FLAG_SECURE, [REDACTED_TOKEN], installOrientation 0}
04-29 [REDACTED_IP].023  1208  2765 D LiftUpHandler: [LTW] Stopped already.
04-29 [REDACTED_IP].024  1208  1208 D SGM:GameManager: onDisplayChanged. displyId: 0, state: 2
04-29 [REDACTED_IP].024  1208  1208 D AODManagerService: requestReCalToTSP IsSingleTouchMode = false / previousDisplayState = ON
04-29 [REDACTED_IP].026  1208  1403 D SGM:FgCheckThread: onLooperPrepared(), msg: MSG_LCD_ON
04-29 [REDACTED_IP].026  1888  1888 D DisplayLifecycle: updateDisplay id = 0
04-29 [REDACTED_IP].054 32515 32522 D InputTransport: Input channel destroyed: 'ClientS', fd=126
04-29 [REDACTED_IP].062 32515 32523 W System  : A resource failed to call close. 
04-29 [REDACTED_IP].072   871  1028 I VSyncReactor: Current= 90, TransitioningTo= 0, Distance= 90
04-29 [REDACTED_IP].218  1208  1237 I WindowManager: Reparenting to original parent: Surface(name=[REDACTED_NAME]{2f130ee type=2005 android.os.Binder@d886e69})/@0xf64599b, destroy=true, surface=Surface(name=b8681a1 Toast)/@0x85349aa
04-29 [REDACTED_IP].230  1208  1237 I WindowManager: Destroying surface Surface(name=[REDACTED_NAME]$_1888)/@0x6e67199 called by com.android.server.wm.WindowStateAnimator.destroySurface:942 com.android.server.wm.WindowStateAnimator.destroySurfaceLocked:536 com.android.server.wm.WindowState.removeImmediately:2969 com.android.server.wm.WindowState.[REDACTED_TOKEN]:6016 com.android.server.wm.WindowContainer.[REDACTED_TOKEN]:1377 com.android.server.wm.WindowContainer.[REDACTED_TOKEN]:1377 com.android.server.wm.WindowContainer.[REDACTED_TOKEN]:1377 com.android.server.wm.WindowContainer.[REDACTED_TOKEN]:1377 
04-29 [REDACTED_IP].236  1208  1237 D PowerManagerService: [api] release WakeLock SCREEN_BRIGHT_WAKE_LOCK        'WindowManager' ON_AFTER_RELEASE ACQ=-4s26ms (uid=1000 pid=1208 ws=WorkSource{10105} displayId=-1 lock=b0f0bda)
04-29 [REDACTED_IP].237  1208  1237 D EdgeLightingManager: hideForWakeLock packageName=android
04-29 [REDACTED_IP].237  1208  1237 D EdgeLightingManager: hideForWakeLock is no more used
04-29 [REDACTED_IP].237  1208  1237 D PowerManagerService: [api] [REDACTED_TOKEN] : [REDACTED_TOKEN] is called : SCREEN_BRIGHT_WAKE_LOCK        'WindowManager' ON_AFTER_RELEASE DISABLED (uid=1000 pid=1208 ws=WorkSource{10105} displayId=-1 lock=b0f0bda)
04-29 [REDACTED_IP].244  1208  1236 W WindowManager: Unable to start animation, surface is null or no children.
04-29 [REDACTED_IP].252   871   871 D SurfaceFlinger: Display 0 HWC layers:
04-29 [REDACTED_IP].252   871   871 D SurfaceFlinger:      DEVICE | 0xb400007005a9d900 | 0102 | RGBA_8888    |    0.0    0.0  720.0 1600.0 |    0    0  720 1600 | com.example.getudiant/com.example.getudiant.ListEtudiantActivity$_32515#13849
04-29 [REDACTED_IP].252   871   871 D SurfaceFlinger:      DEVICE | 0xb400006fedc03e00 | 0100 | RGBA_8888    |    0.0    0.0  720.0   45.0 |    0    0  720   45 | StatusBar$_1888#96
04-29 [REDACTED_IP].252   871   871 D SurfaceFlinger:      CLIENT | 0xb400006fedc04280 | 0100 | RGBA_8888    |    0.0    0.0   67.0  268.0 |  653  378  720  646 | com.samsung.android.app.cocktailbars[...]rvice.CocktailBarService$_5185#13746
04-29 [REDACTED_IP].252   871   871 D SurfaceFlinger:      CLIENT | 0xb40000700762ab80 | 0100 | RGBA_8888    |    0.0    0.0  259.0   26.0 |  461 1574  720 1600 | SGestureOverlayWindow$_2312#13734
04-29 [REDACTED_IP].252   871   871 D SurfaceFlinger:      CLIENT | 0xb400006fdd2ea780 | 0100 | RGBA_8888    |    0.0    0.0  720.0   84.0 |    0 1516  720 1600 | NavigationBar0$_1888#93
04-29 [REDACTED_IP].252   871   871 D SurfaceFlinger:      DEVICE | 0xb40000700762a100 | 0100 | RGBA_8888    |    0.0    0.0   53.0   98.0 |  667  141  720  239 | [REDACTED_TOKEN]$_2544#104
04-29 [REDACTED_IP].252   871   871 D SurfaceFlinger: 
04-29 [REDACTED_IP].253   871   871 I Layer   : id=13865 removeFromCurrentState b8681a1 Toast#13865 (122)
04-29 [REDACTED_IP].253   871   871 I Layer   : id=13866 removeFromCurrentState Toast$_1888#13866 (122)
04-29 [REDACTED_IP].253   871   871 I Layer   : id=13858 removeFromCurrentState WindowToken{2f130ee type=2005 android.os.Binder@d886e69}#13858 (122)
04-29 [REDACTED_IP].253   871   871 I Layer   : id=13869 removeFromCurrentState Surface(name=b8681a1 Toast)/@0x85349aa - animation-leash of window_animation#13869 (122)
04-29 [REDACTED_IP].253   871   871 I Layer   : id=13869 removeFromCurrentState Surface(name=b8681a1 Toast)/@0x85349aa - animation-leash of window_animation#13869 (122)
04-29 [REDACTED_IP].253   871   871 I Layer   : Layer [Toast$_1888#13866] hidden!! flag(1)
04-29 [REDACTED_IP].253   871   871 I Layer   : id=13866 removeFromCurrentState Toast$_1888#13866 (122)
04-29 [REDACTED_IP].253   871   871 I SurfaceFlinger: id=13865 Removed b8681a1 Toast#13865 (122)
04-29 [REDACTED_IP].253   871   871 I SurfaceFlinger: id=13858 Removed WindowToken{2f130ee type=2005 android.os.Binder@d886e69}#13858 (122)
04-29 [REDACTED_IP].253   871   871 I SurfaceFlinger: id=13869 Removed Surface(name=b8681a1 Toast)/@0x85349aa - animation-leash of window_animation#13869 (122)
04-29 [REDACTED_IP].253   871   871 I SurfaceFlinger: id=13866 Removed Toast$_1888#13866 (122)
04-29 [REDACTED_IP].254   871   871 I Layer   : id=13858 Destroyed WindowToken{2f130ee type=2005 android.os.Binder@d886e69}#13858
04-29 [REDACTED_IP].254   871   871 I Layer   : id=13869 Destroyed Surface(name=b8681a1 Toast)/@0x85349aa - animation-leash of window_animation#13869
04-29 [REDACTED_IP].254   871   871 I Layer   : id=13865 Destroyed b8681a1 Toast#13865
04-29 [REDACTED_IP].254   871   871 I Layer   : id=13866 Destroyed Toast$_1888#13866
04-29 [REDACTED_IP].348 30036 32451 I NearbyMediums: Found Fast Ble Advertisements :
04-29 [REDACTED_IP].348 30036 32451 I NearbyMediums: BleAdvertisement { version=2, socketVersion=2, isFast=true, serviceIdHash=null, data=[ 0x23 0x35 0x57 0x30 0x44 0x11 0x32 0x72 0x42 0x32 0x5f 0xf2 0xc1 0x4d 0xf2 0x7f 0x18 0x74 0x90 0xb7 0x1c 0x73 0x28 ], deviceToken=[ 0x90 0xb6 ], rxAdvertisement=null } : 1 times.
04-29 [REDACTED_IP].348 30036 32451 I NearbyMediums: Total 1 fast advertisements from 1 unique advertisers.
04-29 [REDACTED_IP].349 30036 32451 I NearbyMediums: Current Tracked Scanning Clients are : {NearbyConnections.EnvironmentMonitor, NearbySharing, NearbyConnections.TxAdvertisement}
04-29 [REDACTED_IP].415  2201  2282 D BtGatt.GattService: onScanResult to scannerId: 3- eventType=0x10, addressType=1, address=39152A_0, primaryPhy=1, secondaryPhy=0, advertisingSid=0xff, txPower=127, rssi=-88, periodicAdvInt=0x0
04-29 [REDACTED_IP].567  2201  2282 D BtGatt.GattService: onScanResult to scannerId: 3- eventType=0x0, addressType=1, address=00C47C_1, primaryPhy=1, secondaryPhy=1, advertisingSid=0x1, txPower=127, rssi=-83, periodicAdvInt=0x0
04-29 [REDACTED_IP].707  1208  1865 D SGM:GameManager: identifyForegroundApp. com.example.getudiant, mCurrentUserId: 0, callerUserId: 0
04-29 [REDACTED_IP].707  1208  1865 D SGM:PkgDataHelper: getGamePkgData(). com.example.getudiant
04-29 [REDACTED_IP].708 12311 12348 I PolicyManager: [#CMH#] Is foreground game app: false
04-29 [REDACTED_IP].775  1208  1729 W [REDACTED_TOKEN]: updateBroadcasts(/data) oldLevel:0, newLevel:0, seq:1
04-29 [REDACTED_IP].776  1208  1729 D [REDACTED_TOKEN]: Available File Node Number is [13046537]
04-29 [REDACTED_IP].776  1208  1729 W [REDACTED_TOKEN]: [REDACTED_TOKEN](/data) fn_oldLevel:0, fn_newLevel:0, seq:1
04-29 [REDACTED_IP].857   871   871 I DisplayDevice: [Display 0 (internal, primary, "Primary display")] ActiveConfigToHWC, ID : 1
04-29 [REDACTED_IP].858   871   871 I SurfaceFlinger: Idle - choose 60.00 Hz
04-29 [REDACTED_IP].897   871  1028 I VSyncReactor: Current= 90, TransitioningTo= 60, Distance= 60
04-29 [REDACTED_IP].986  1208  1259 D [REDACTED_TOKEN]: update stats : battery-level (63)
04-29 [REDACTED_IP].997  1208  1259 D [REDACTED_TOKEN]: Fetch WiFi data
04-29 [REDACTED_IP].998  1208  1259 D [REDACTED_TOKEN]: Update Rail Energy data
04-29 [REDACTED_IP].998  1208  1259 D [REDACTED_TOKEN]: Fetch Bluetooth data
04-29 [REDACTED_IP].999  1208  1259 D [REDACTED_TOKEN]: Fetch modem data
04-29 [REDACTED_IP].015  1872  1975 I System.out: Broadcasting: Intent { act=com.samsung.intent.action.BIG_DATA_INFO (has extras) }
04-29 [REDACTED_IP].018  1208  1384 D TelephonyManager: [REDACTED_TOKEN]: Sending result to app: ModemActivityInfo{ mTimestamp=97792520 mSleepTimeMs=86463635 mIdleTimeMs=3243725 [REDACTED_TOKEN]=[{mRat=UNKNOWN,mFrequencyRange=UNKNOWN,mTxTimeMs[]=[733, 1591, 5675, 2780, 5240],mRxTimeMs=7875351}]}
04-29 [REDACTED_IP].019  1208  1208 I NSLocationMonitor: Broadcast receiver, action=com.samsung.intent.action.BIG_DATA_INFO
04-29 [REDACTED_IP].023  1872  1872 D [REDACTED_TOKEN]: Intent: com.samsung.intent.action.BIG_DATA_INFO
04-29 [REDACTED_IP].023  1872  1872 D [REDACTED_TOKEN]: BIG_DATA insertLog slot: 0, feature: 26
04-29 [REDACTED_IP].023  1872  1872 E [REDACTED_TOKEN]: Json parsing error: Value NULL at NR_TX_BYTE of type java.lang.String cannot be converted to long
04-29 [REDACTED_IP].026  1872  1872 D [REDACTED_TOKEN]: Intent: com.samsung.intent.action.BIG_DATA_INFO
04-29 [REDACTED_IP].029  1872  2684 I System.out: Broadcast completed: result=0
04-29 [REDACTED_IP].045  1208  1259 D [REDACTED_TOKEN]: Update CPU state
04-29 [REDACTED_IP].045  1208  1259 I KernelWakelockReader: readKernelWakelockStats(true)
04-29 [REDACTED_IP].049   405  2554 W android.system.suspend@1.0-service: getWakeLockStats +
04-29 [REDACTED_IP].049   405  2554 I android.system.suspend@1.0-service: name=[REDACTED_NAME], isActive: 1, LC: 48252451, AC: 287, AT: 151199, TT: 31239138
04-29 [REDACTED_IP].049   405  2554 I android.system.suspend@1.0-service: name=[REDACTED_NAME], isActive: 1, LC: 48252451, AC: 287, AT: 151200, TT: 31239179
04-29 [REDACTED_IP].093   405  2554 E android.system.suspend@1.0-service: Error opening event_count for wakeup7: Original kwl [Path]=../../devices/virtual/input/input3/wakeup7: Permission denied
04-29 [REDACTED_IP].094   804   804 E audit   : type=1400 audit(1777474706.087:38754): avc:  denied  { read } for  pid=405 comm="binder:405_8" name="event_count" dev="sysfs" ino=42597 scontext=u:r:system_suspend:s0 tcontext=u:object_r:sysfs:s0 tclass=file permissive=0 SEPF_SM-M127F_13_0001 audit_filtered
04-29 [REDACTED_IP].094   804   804 E audit   : type=1300 audit(1777474706.087:38754): arch=c00000b7 syscall=56 success=no exit=-13 a0=f a1=78d8606631 a2=80000 a3=0 items=1 ppid=1 pid=405 auid=4294967295 uid=1000 gid=1000 euid=1000 suid=1000 fsuid=1000 egid=1000 sgid=1000 fsgid=1000 tty=(none) ses=4294967295 comm="binder:405_8" exe="/system/bin/hw/android.system.suspend@1.0-service" subj=u:r:system_suspend:s0 key=(null)
04-29 [REDACTED_IP].094   804   804 E audit   : type=1302 audit(1777474706.087:38754): item=0 name="event_count" inode=42597 dev=00:12 mode=0100444 ouid=0 ogid=0 rdev=00:00 obj=u:object_r:sysfs:s0 nametype=NORMAL cap_fp=0000000000000000 cap_fi=0000000000000000 cap_fe=0 cap_fver=0
04-29 [REDACTED_IP].094   804   804 E audit   : type=1327 audit(1777474706.087:38754): proctitle="/system/bin/hw/android.system.suspend@1.0-service"
04-29 [REDACTED_IP].131   405  2554 W android.system.suspend@1.0-service: getWakeLockStats -
04-29 [REDACTED_IP].133  1208  1259 D KernelWakelockReader: name=[REDACTED_NAME]	 isActive=false	 lastChange=48252425	 activeCount=4601	 activeTime=0	 totalTime=35782026	 version=406	 time_delta=325600000
04-29 [REDACTED_IP].133  1208  1259 D KernelWakelockReader: name=[REDACTED_NAME]	 isActive=false	 lastChange=48103091	 activeCount=278	 activeTime=0	 totalTime=409143	 version=406	 time_delta=6495000
04-29 [REDACTED_IP].133  1208  1259 D KernelWakelockReader: name=[REDACTED_NAME]	 isActive=true	 lastChange=48252451	 activeCount=287	 activeTime=151199	 totalTime=31239138	 version=406	 time_delta=437535000
04-29 [REDACTED_IP].133  1208  1259 D KernelWakelockReader: name=[REDACTED_NAME]	 isActive=true	 lastChange=48252451	 activeCount=287	 activeTime=151200	 totalTime=31239179	 version=406	 time_delta=437537000
04-29 [REDACTED_IP].133  1208  1259 D KernelWakelockReader: name=[REDACTED_NAME]	 isActive=false	 lastChange=305898	 activeCount=1	 activeTime=0	 totalTime=91368	 version=406	 time_delta=0
04-29 [REDACTED_IP].133  1208  1259 I BatteryStatsImpl: [REDACTED_TOKEN]:: name=[REDACTED_NAME] / totalTime=31239179000 / mCount=287 / version=406
04-29 [REDACTED_IP].133  1208  1259 I BatteryStatsImpl: [REDACTED_TOKEN]:: name=[REDACTED_NAME] / totalTime=31239138000 / mCount=287 / version=406
04-29 [REDACTED_IP].133  1208  1259 I BatteryStatsImpl: [REDACTED_TOKEN]:: name=[REDACTED_NAME] / totalTime=35782026000 / mCount=4601 / version=406
04-29 [REDACTED_IP].133  1208  1259 I BatteryStatsImpl: [REDACTED_TOKEN]:: name=[REDACTED_NAME] / totalTime=409143000 / mCount=278 / version=406
04-29 [REDACTED_IP].133  1208  1259 I BatteryStatsImpl: [REDACTED_TOKEN]:: name=[REDACTED_NAME] / totalTime=91368000 / mCount=1 / version=406
04-29 [REDACTED_IP].133  1208  1259 D [REDACTED_TOKEN]: Update Kernel wakelock & memory state
04-29 [REDACTED_IP].133  1208  1259 D [REDACTED_TOKEN]: Update RPM state
04-29 [REDACTED_IP].133  1208  1259 D [REDACTED_TOKEN]: Update bluetooth state
04-29 [REDACTED_IP].133  1208  1259 D [REDACTED_TOKEN]: mStats lock released
04-29 [REDACTED_IP].141  1208  1259 D [REDACTED_TOKEN]: Update wifi state
04-29 [REDACTED_IP].144  1208  1259 D [REDACTED_TOKEN]: Update modem state
04-29 [REDACTED_IP].144  1208  1259 D [REDACTED_TOKEN]: done [REDACTED_TOKEN]
04-29 [REDACTED_IP].285   391   391 D io_stats: !@ 179,0 r 22317657 330694255 w 2862956 29209716 d 813610 24577484 f 0 0 iot 5893540 0 th 0 0 0 pt 0 inp 0 0 48252.687
04-29 [REDACTED_IP].371  1208  3200 D [REDACTED_TOKEN]: onWifiUsabilityStats - seqNum 10261, isSameBssidAndFreq true
04-29 [REDACTED_IP].372  1208  1772 I [REDACTED_TOKEN]: Link Qos Query: 0.385 ms / 20.800 Mbps (52 / 0.000 / 2.500)
04-29 [REDACTED_IP].943  1208  1770 I SemWifiServiceDetector: Traff. tracking started
04-29 [REDACTED_IP].954   845 32573 I HYPER-HAL: [RequestManager.cpp]releaseLocked(): Released ID : 1752256
04-29 [REDACTED_IP].152   850   850 E sehhealth-service: Could not open /sys/class/power_supply/battery/lrp
04-29 [REDACTED_IP].152  1208  1384 D BatteryService: Sending ACTION_BATTERY_CHANGED: level:94, status:2, health:2, ac:false, usb:true, wireless:false, pogo:false, misc:0x10000, charge_type:1, charger_type:0, voltage:4176, temperature:323, online:4, current_avg:181, ps:false, hvc:false, capacity:280000, current_event:0x0, current_now:246, mcc:0, mcv:0, cc:4740000, present:true, scale:100, technology:Li-ion
04-29 [REDACTED_IP].153  1208  1378 D [REDACTED_TOKEN]: [SAR]  onReceive : ACTION_BATTERY_CHANGED, Plugged: 2
04-29 [REDACTED_IP].154  1208  1806 I [REDACTED_TOKEN]: action: android.intent.action.BATTERY_CHANGED
04-29 [REDACTED_IP].154  1208  1806 I [REDACTED_TOKEN]: phone battery level: 94
04-29 [REDACTED_IP].154  1208  1806 I [REDACTED_TOKEN]: phone battery status: 2
04-29 [REDACTED_IP].154  1208  1208 D PhoneWindowManagerExt: ACTION_BATTERY_CHANGED - Level=94, status=2
04-29 [REDACTED_IP].155  1208  1208 D [REDACTED_TOKEN]: Received : android.intent.action.BATTERY_CHANGED
04-29 [REDACTED_IP].155  1872  1872 D [REDACTED_TOKEN]: Intent: android.intent.action.BATTERY_CHANGED
04-29 [REDACTED_IP].156  1872  1872 D [REDACTED_TOKEN]: Intent: android.intent.action.BATTERY_CHANGED
04-29 [REDACTED_IP].156  1888  1888 D KeyguardUpdateMonitor: received broadcast android.intent.action.BATTERY_CHANGED
04-29 [REDACTED_IP].156  1888  1888 D [REDACTED_TOKEN]: onBatteryLevelChanged isSomethingChanged: false
04-29 [REDACTED_IP].157  1888  1888 D [REDACTED_TOKEN]: onBatteryLevelChanged isSomethingChanged: false
04-29 [REDACTED_IP].158  1888  1888 D [REDACTED_TOKEN]: onBatteryLevelChanged isSomethingChanged: false
04-29 [REDACTED_IP].158  1888  1888 D [REDACTED_TOKEN]: onBatteryLevelChanged isSomethingChanged: false
04-29 [REDACTED_IP].161  1888  1888 I PowerUI : mBootCompleted = true |  mFullyConnected = true
04-29 [REDACTED_IP].161  1888  1888 I PowerUI : BATTERY_HEALTH_CHECK extraHealth=2 mBatteryMiscEvent=65536
04-29 [REDACTED_IP].161  1888  1888 W PowerUI : Plug reason
04-29 [REDACTED_IP].161  1888  1888 W PowerUI : Skip charging animation - by plug status
04-29 [REDACTED_IP].161  1888  1888 D PowerUI : priorPlugType = 2 mPlugType = 2 priorBatteryStatus = 2 mBatteryStatus = 2
04-29 [REDACTED_IP].161  1888  1888 W PowerUI : Plug reason
04-29 [REDACTED_IP].161  1888  1888 W PowerUI : Skip charging sound - by plug status
04-29 [REDACTED_IP].161  1888  1888 I PowerUI : oldMisalign : false, curMisalign : false
04-29 [REDACTED_IP].162  1888 16806 D SecPowerUI.Notification: dismissing low battery warning: level=94
04-29 [REDACTED_IP].162  1888 16806 D SecPowerUI.Notification: updateNotification mWarning=false mPlaySound=false
04-29 [REDACTED_IP].162  1888 16806 D SecPowerUI.Notification: SecBatteryStatsSnapshot{batteryLevel=94, currentBatteryMode=0, chargingTime=1856000, chargingType=11, batteryHealth=2, automaticTestMode=false, isHiccupState=false}
04-29 [REDACTED_IP].163  1888 16806 D SecPowerUI.Notification: 1. restoreScreenTimeOut - saved_value : :
04-29 [REDACTED_IP].163  1888 16806 E SecPowerUI.Notification: no saved value, so we do nothing !!
04-29 [REDACTED_IP].164  1888  1888 D SecPowerUI.Notification: showChargingNotice oldChargingType : 11 / currentChargingType : 11, oldChargingTime : 1856000 / mChargingTime : 1856000
04-29 [REDACTED_IP].164  1888  1888 D SecPowerUI.Notification: There is no change about charging status, so return!
04-29 [REDACTED_IP].164  1888  1888 D PowerUI : Battery swelling mode - [REDACTED_TOKEN] = 0 mBatterySwellingMode = 0 mBatteryStatus = 2
04-29 [REDACTED_IP].164  1888  1888 I PowerUI : mBatteryMiscEvent = 65536
04-29 [REDACTED_IP].164  1888  1888 D KeyguardUpdateMonitor: handleBatteryUpdate
04-29 [REDACTED_IP].165  1888  1888 I AODBatteryManager: updateBatteryData: ACTION_BATTERY_CHANGED
04-29 [REDACTED_IP].166  1888  1888 I AODBatteryManager: saveBatteryData : AOD BatteryData [mBatteryLevel=94, mBatteryStatus=CHARGING, mBatteryPlugType=USB, mBatteryPlugged=true, mRemainingChargeTime=1856000, mBatteryChargingType=1, mBatteryChargerType=NORMAL, mBatteryOnline=USB, mBatterySwellingMode=NONE, mBatteryProtectMode=false]
04-29 [REDACTED_IP].279  1208  1255 W libprocessgroup: Failed to open /dev/blkio//cgroup.procs: No such file or directory
04-29 [REDACTED_IP].280  1208  1255 W libprocessgroup: Failed to open /dev/blkio//cgroup.procs: No such file or directory
04-29 [REDACTED_IP].443  1208  1770 D SemNscXgbMsL1: Probability - Cloud gaming: [0.011200981]
04-29 [REDACTED_IP].444  1208  1770 D SemNscXgbMsL1: Probability - Real time: [0.05973737]
04-29 [REDACTED_IP].444  1208  1770 D SemNscXgbMsL1: Probability - Non real time: [0.85833323]
04-29 [REDACTED_IP].444  1208  1770 D SemNscXgbMsL1: 1 sample inference time: 0.897807 msecs
04-29 [REDACTED_IP].446  1208  1770 D SemNscXgbL2Rt: L2 RT 1 sample inference time: 1.573231 msecs
04-29 [REDACTED_IP].447  1208  1770 D SemNscXgbL2Nrt: L2 NRT 1 sample inference time: 0.937038 msecs
04-29 [REDACTED_IP].948  1208  1770 D SemNscXgbMsL1: Probability - Cloud gaming: [0.014547004]
04-29 [REDACTED_IP].948  1208  1770 D SemNscXgbMsL1: Probability - Real time: [0.07566201]
04-29 [REDACTED_IP].948  1208  1770 D SemNscXgbMsL1: Probability - Non real time: [0.8755291]
04-29 [REDACTED_IP].948  1208  1770 D SemNscXgbMsL1: 1 sample inference time: 0.929423 msecs
04-29 [REDACTED_IP].950  1208  1770 D SemNscXgbL2Rt: L2 RT 1 sample inference time: 1.450538 msecs
04-29 [REDACTED_IP].951  1208  1770 D SemNscXgbL2Nrt: L2 NRT 1 sample inference time: 0.975 msecs
04-29 [REDACTED_IP].975 30595 31758 I MediaCodec: setCodecState state(0), called in 6
04-29 [REDACTED_IP].976  1208  1865 V [REDACTED_TOKEN]: JNIMediaResourceHelper::notify eventType : 3, ext1 : 0, ext2 : 0
04-29 [REDACTED_IP].976  1208  1865 V [REDACTED_TOKEN]: notify eventType : 3, ext1 : 0, ext2 : 0
04-29 [REDACTED_IP].976 27653 27671 V [REDACTED_TOKEN]: JNIMediaResourceHelper::notify eventType : 3, ext1 : 0, ext2 : 0
04-29 [REDACTED_IP].976 27653 27671 V [REDACTED_TOKEN]: notify eventType : 3, ext1 : 0, ext2 : 0
04-29 [REDACTED_IP].976  3802  3802 I SemMediaResourceHelper: onState
04-29 [REDACTED_IP].977  1208  1376 I SemMediaResourceHelper: onState
04-29 [REDACTED_IP].977 27653 27719 I SemMediaResourceHelper: onState
04-29 [REDACTED_IP].977 27653 27719 I DrmMediaResourceHelper: onStateChanged size = 1
04-29 [REDACTED_IP].977 27653 27719 I DrmMediaResourceHelper: resource type: 2,,,isSecured :  falseIsEncoder : truegetCodecState : 0getpid : 30595
04-29 [REDACTED_IP].286   391   391 D io_stats: !@ 179,0 r 22317668 330694363 w 2862956 29209716 d 813610 24577484 f 0 0 iot 5893544 0 th 0 0 0 pt 0 inp 0 0 48254.688
04-29 [REDACTED_IP].391  2201  2282 D BtGatt.GattService: onScanResult to scannerId: 3- eventType=0x10, addressType=1, address=39152A_0, primaryPhy=1, secondaryPhy=0, advertisingSid=0xff, txPower=127, rssi=-83, periodicAdvInt=0x0
04-29 [REDACTED_IP].453  1208  1770 D SemNscXgbMsL1: Probability - Cloud gaming: [0.02090129]
04-29 [REDACTED_IP].454  1208  1770 D SemNscXgbMsL1: Probability - Real time: [0.04119544]
04-29 [REDACTED_IP].454  1208  1770 D SemNscXgbMsL1: Probability - Non real time: [0.87786424]
04-29 [REDACTED_IP].454  1208  1770 D SemNscXgbMsL1: 1 sample inference time: 1.343923 msecs
04-29 [REDACTED_IP].456  1208  1770 D SemNscXgbL2Rt: L2 RT 1 sample inference time: 1.431384 msecs
04-29 [REDACTED_IP].457  1208  1770 D SemNscXgbL2Nrt: L2 NRT 1 sample inference time: 0.929884 msecs
04-29 [REDACTED_IP].488  2201  2282 D BtGatt.GattService: onScanResult to scannerId: 3- eventType=0x0, addressType=1, address=00C47C_1, primaryPhy=1, secondaryPhy=1, advertisingSid=0x1, txPower=127, rssi=-87, periodicAdvInt=0x0
04-29 [REDACTED_IP].670  2201  2282 D BtGatt.GattService: onScanResult to scannerId: 3- eventType=0x10, addressType=1, address=39152A_0, primaryPhy=1, secondaryPhy=0, advertisingSid=0xff, txPower=127, rssi=-80, periodicAdvInt=0x0
04-29 [REDACTED_IP].957  1208  1770 D SemNscXgbMsL1: Probability - Cloud gaming: [0.011315162]
04-29 [REDACTED_IP].958  1208  1770 D SemNscXgbMsL1: Probability - Real time: [0.055438057]
04-29 [REDACTED_IP].958  1208  1770 D SemNscXgbMsL1: Probability - Non real time: [0.91216123]
04-29 [REDACTED_IP].958  1208  1770 D SemNscXgbMsL1: 1 sample inference time: 0.966077 msecs
04-29 [REDACTED_IP].959  1208  1770 D SemNscXgbL2Rt: L2 RT 1 sample inference time: 1.261347 msecs
04-29 [REDACTED_IP].961  1208  1770 D SemNscXgbL2Nrt: L2 NRT 1 sample inference time: 0.955 msecs
04-29 [REDACTED_IP].387  1208  3200 D [REDACTED_TOKEN]: onWifiUsabilityStats - seqNum 10262, isSameBssidAndFreq true
04-29 [REDACTED_IP].389  1208  1772 I [REDACTED_TOKEN]: Link Qos Query: 0.385 ms / 20.800 Mbps (52 / 0.000 / 2.500)
04-29 [REDACTED_IP].461  1208  1770 D SemNscXgbMsL1: Probability - Cloud gaming: [0.021252926]
04-29 [REDACTED_IP].462  1208  1770 D SemNscXgbMsL1: Probability - Real time: [0.022621883]
04-29 [REDACTED_IP].462  1208  1770 D SemNscXgbMsL1: Probability - Non real time: [0.9128252]
04-29 [REDACTED_IP].462  1208  1770 D SemNscXgbMsL1: 1 sample inference time: 1.009384 msecs
04-29 [REDACTED_IP].463  1208  1770 D SemNscXgbL2Rt: L2 RT 1 sample inference time: 1.300308 msecs
04-29 [REDACTED_IP].464  1208  1770 D SemNscXgbL2Nrt: L2 NRT 1 sample inference time: 0.973654 msecs
04-29 [REDACTED_IP].737  1888  1996 D MobileStatusTracker(1/1): [REDACTED_TOKEN] level=4, vendorLevel=4
04-29 [REDACTED_IP].739  1888  1996 D MobileSignalController(1/1): notifyListener: enabled=true, connected=true, dataConnected=false, networkType=GSM (Unknown), emergencyOnly=true, roaming=false, isDefault=false, dataActivity=, level=4, ca=false, mmWave=false, disabledDataIcon=false, simCard=ETC
04-29 [REDACTED_IP].739  1888  1996 D NetworkController: SignalStrength from intent slotId=1
04-29 [REDACTED_IP].934  1208  1770 I SemWifiServiceDetector: Traff. tracking stopped
04-29 [REDACTED_IP].286   391   391 D io_stats: !@ 179,0 r 22317685 330694651 w 2862956 29209716 d 813610 24577484 f 0 0 iot 5893548 0 th 0 0 0 pt 0 inp 0 0 48256.689
04-29 [REDACTED_IP].420  1208  1865 D InputDispatcher: Inject motion (30595/2000): action=0x9, time=48256821000000, f=0x0, d=0 dsdx=1.000000 dtdx=0.000000
04-29 [REDACTED_IP].421  1208  1386 I InputDispatcher: Delivering touch to (32515): action: 0x9, f=0x0, d=0, 'd578d43', t=1 
04-29 [REDACTED_IP].422  1208  1386 D PowerManagerService: [api] userActivityFromNative :  (event: 0 flags: 8192 displayId: 0) eventTime = 48256821
04-29 [REDACTED_IP].423 32515 32515 I ViewRootImpl: updatePointerIcon pointerType = 1000, calling pid = 32515
04-29 [REDACTED_IP].424 32515 32515 D InputManager: setPointerIconType iconId = 1000, callingPid = 32515
04-29 [REDACTED_IP].425   871   871 I SurfaceFlinger: SFWD update time=48256828057675
04-29 [REDACTED_IP].426   871   871 I DisplayDevice: [Display 0 (internal, primary, "Primary display")] ActiveConfigToHWC, ID : 0
04-29 [REDACTED_IP].426   837  1608 I display : Use default fps instead of 90 for setting capacity
04-29 [REDACTED_IP].426   871   871 I SurfaceFlinger: Touch - choose 90.00 Hz
04-29 [REDACTED_IP].436   871  1437 D NativeSemDvfsManager: acquire:: timeout = 2000 mIsAcquired = 1  mTagName : SurfaceFlinger 
04-29 [REDACTED_IP].437   845   907 I HYPER-HAL: [RequestManager.cpp]acquire(): Acquired ID : 1752256  [871 / 1000]    HINT : SF_GPU_MINLOCK    list : [TIMEOUT / 2000] 
04-29 [REDACTED_IP].437   871  1437 E [REDACTED_TOKEN]: [NativeCFMS] [REDACTED_TOKEN]::acquire()
04-29 [REDACTED_IP].450   871  1028 I VSyncReactor: Current= 60, TransitioningTo= 90, Distance= 90
04-29 [REDACTED_IP].453   871   871 I Scheduler: DisplayModeChanged : 0
04-29 [REDACTED_IP].882  1208  1865 D InputDispatcher: Inject motion (30595/2000): action=0xa, time=48257282000000, f=0x0, d=0 dsdx=1.000000 dtdx=0.000000
04-29 [REDACTED_IP].883  1208  1386 I InputDispatcher: Delivering touch to (32515): action: 0xa, f=0x0, d=0, 'd578d43', t=1 
04-29 [REDACTED_IP].886 32515 32515 I ViewRootImpl: updatePointerIcon pointerType = 1000, calling pid = 32515
04-29 [REDACTED_IP].886 32515 32515 D InputManager: setPointerIconType iconId = 1000, callingPid = 32515
04-29 [REDACTED_IP].106   871   871 I DisplayDevice: [Display 0 (internal, primary, "Primary display")] ActiveConfigToHWC, ID : 1
04-29 [REDACTED_IP].107   871   871 I SurfaceFlinger: Idle - choose 60.00 Hz
04-29 [REDACTED_IP].141   871  1028 I VSyncReactor: Current= 90, TransitioningTo= 60, Distance= 60
04-29 [REDACTED_IP].368  2201  2282 D BtGatt.GattService: onScanResult to scannerId: 3- eventType=0x10, addressType=1, address=39152A_0, primaryPhy=1, secondaryPhy=0, advertisingSid=0xff, txPower=127, rssi=-84, periodicAdvInt=0x0
04-29 [REDACTED_IP].755  2201  2282 D BtGatt.GattService: onScanResult to scannerId: 3- eventType=0x10, addressType=1, address=39152A_0, primaryPhy=1, secondaryPhy=0, advertisingSid=0xff, txPower=127, rssi=-85, periodicAdvInt=0x0
04-29 [REDACTED_IP].167  1888  1888 D SecPowerUI.Notification: showChargingNotice oldChargingType : 11 / currentChargingType : 11, oldChargingTime : 1856000 / mChargingTime : 1856000
04-29 [REDACTED_IP].167  1888  1888 D SecPowerUI.Notification: There is no change about charging status, so return!
04-29 [REDACTED_IP].287   391   391 D io_stats: !@ 179,0 r 22317692 330694703 w 2862958 29209728 d 813610 24577484 f 0 0 iot 5893556 0 th 0 0 0 pt 0 inp 0 0 48258.689
04-29 [REDACTED_IP].402  1208  3200 D [REDACTED_TOKEN]: onWifiUsabilityStats - seqNum 10263, isSameBssidAndFreq true
04-29 [REDACTED_IP].404  1208  1772 I [REDACTED_TOKEN]: Link Qos Query: 0.385 ms / 20.800 Mbps (52 / 0.000 / 2.500)
04-29 [REDACTED_IP].439   845 32578 I HYPER-HAL: [RequestManager.cpp]releaseLocked(): Released ID : 1752256
04-29 [REDACTED_IP].624  3802  4557 I SDHMS:D : SIOP:: AP:357 BAT:323 USB:0 CHG:357 PA:400 BLK:0 SUBBAT:0 SKIN:324 SKINF:324 SKINB:320 LRP:324 LRF:324 LRB:320 
04-29 [REDACTED_IP].774  3802  3802 I SDHMS:LOAD: type: LoadsFreqs, value: [REDACTED_IP]566800:1586000:546000:566800:1586000:546000:[REDACTED_IP]
04-29 [REDACTED_IP].946  1828  1828 I wpa_supplicant: Heartbeat 4775
04-29 [REDACTED_IP].782  2201  2282 D BtGatt.GattService: onScanResult to scannerId: 3- eventType=0x10, addressType=1, address=39152A_0, primaryPhy=1, secondaryPhy=0, advertisingSid=0xff, txPower=127, rssi=-82, periodicAdvInt=0x0
04-29 [REDACTED_IP].351 30036 32332 I NearbyMediums: Found Fast Ble Advertisements :
04-29 [REDACTED_IP].351 30036 32332 I NearbyMediums: BleAdvertisement { version=2, socketVersion=2, isFast=true, serviceIdHash=null, data=[ 0x23 0x35 0x57 0x30 0x44 0x11 0x32 0x72 0x42 0x32 0x5f 0xf2 0xc1 0x4d 0xf2 0x7f 0x18 0x74 0x90 0xb7 0x1c 0x73 0x28 ], deviceToken=[ 0x90 0xb6 ], rxAdvertisement=null } : 8 times.
04-29 [REDACTED_IP].351 30036 32332 I NearbyMediums: Total 8 fast advertisements from 1 unique advertisers.
04-29 [REDACTED_IP].352 30036 32332 I NearbyMediums: Current Tracked Scanning Clients are : {NearbyConnections.EnvironmentMonitor, NearbySharing, NearbyConnections.TxAdvertisement}
04-29 [REDACTED_IP].418  1208  3200 D [REDACTED_TOKEN]: onWifiUsabilityStats - seqNum 10264, isSameBssidAndFreq true
04-29 [REDACTED_IP].420  1208  1772 I [REDACTED_TOKEN]: Link Qos Query: 0.231 ms / 34.667 Mbps (52 / 0.000 / 1.500)
04-29 [REDACTED_IP].420  1888  1888 D NetworkController.WifiSignalController: notifyListener: visible=true, connected=true, inetCondition=1, isDefault=true, wifiTestReported=true, receivedInetCondition=-1, [REDACTED_TOKEN]=false
04-29 [REDACTED_IP].435  1208  1236 D LocalDisplayAdapter: updateActiveModeLocked for d=0, mActiveModeId=2, mActiveSfDisplayMode=DisplayMode{id=1, width=720, height=1600, xDpi=268.941, yDpi=269.139, refreshRate=60.000004, appVsyncOffsetNanos=0, [REDACTED_TOKEN]=17666666, group=0}
04-29 [REDACTED_IP].436  1208  1236 I DisplayDeviceRepository: Display device changed: DisplayDeviceInfo{"Built-in Screen": uniqueId="local:0", 720 x 1600, modeId 2, defaultModeId 1, supportedModes [{id=1, width=720, height=1600, fps=90.0, alternativeRefreshRates=[60.000004]}, {id=2, width=720, height=1600, fps=60.000004, alternativeRefreshRates=[90.0]}], colorMode 0, supportedColorModes [0], hdrCapabilities HdrCapabilities{mSupportedHdrTypes=[], mMaxLuminance=500.0, mMaxAverageLuminance=500.0, mMinLuminance=0.0}, allmSupported false, [REDACTED_TOKEN] false, density 300, 268.941 x 269.139 dpi, appVsyncOff 0, presDeadline 17666666, cutout DisplayCutout{insets=Rect(0, 45 - 0, 0) waterfall=Insets{left=0, top=0, right=0, bottom=0} boundingRect={Bounds=[Rect(0, 0 - 0, 0), Rect(272, 0 - 448, 45), Rect(0, 0 - 0, 0), Rect(0, 0 - 0, 0)]} cutoutPathParserInfo={CutoutPathParserInfo{displayWidth=720 displayHeight=1600 physicalDisplayWidth=720 physicalDisplayHeight=1600 density={1.875} cutoutSpec={M 0,0 H -88 V 45 H 88 V 0 H 0 Z} rotation={0} scale={1.0} [REDACTED_TOKEN]={1.0}}}}, touch INTERNAL, rotation 0, type INTERNAL, address {port=0}, deviceProductInfo null, state ON, frameRateOverride , brightnessMinimum 0.0, brightnessMaximum 1.0, brightnessDefault 0.5019608, roundedCorners RoundedCorners{[RoundedCorner{position=TopLeft, radius=56, center=Point(56, 56)}, RoundedCorner{position=TopRight, radius=56, center=Point(664, 56)}, RoundedCorner{position=BottomRight, radius=56, center=Point(664, 1544)}, RoundedCorner{position=BottomLeft, radius=56, center=Point(56, 1544)}]}, [REDACTED_TOKEN], [REDACTED_TOKEN], FLAG_SECURE, [REDACTED_TOKEN], installOrientation 0}
04-29 [REDACTED_IP].439  1208  2765 D LiftUpHandler: [LTW] Stopped already.
04-29 [REDACTED_IP].441  1888  1888 D DisplayLifecycle: updateDisplay id = 0
04-29 [REDACTED_IP].445  1208  1208 D SGM:GameManager: onDisplayChanged. displyId: 0, state: 2
04-29 [REDACTED_IP].446  1208  1403 D SGM:FgCheckThread: onLooperPrepared(), msg: MSG_LCD_ON
04-29 [REDACTED_IP].447  1208  1208 D AODManagerService: requestReCalToTSP IsSingleTouchMode = false / previousDisplayState = ON
04-29 [REDACTED_IP].456   871  1028 I VSyncReactor: Current= 60, TransitioningTo= 60, Distance= 60
04-29 [REDACTED_IP].460   871  1437 D NativeSemDvfsManager: acquire:: timeout = 2000 mIsAcquired = 1  mTagName : SurfaceFlinger 
04-29 [REDACTED_IP].460   871  1437 E [REDACTED_TOKEN]: [NativeCFMS] [REDACTED_TOKEN]::acquire()
04-29 [REDACTED_IP].461   845   907 I HYPER-HAL: [RequestManager.cpp]acquire(): Acquired ID : 1752256  [871 / 1000]    HINT : SF_GPU_MINLOCK    list : [TIMEOUT / 2000] 
04-29 [REDACTED_IP].464 30595 31758 I MediaCodec: setCodecState state(1), called in 6
04-29 [REDACTED_IP].465  1208  3923 V [REDACTED_TOKEN]: JNIMediaResourceHelper::notify eventType : 3, ext1 : 0, ext2 : 0
04-29 [REDACTED_IP].465  1208  3923 V [REDACTED_TOKEN]: notify eventType : 3, ext1 : 0, ext2 : 0
04-29 [REDACTED_IP].465 27653 27671 V [REDACTED_TOKEN]: JNIMediaResourceHelper::notify eventType : 3, ext1 : 0, ext2 : 0
04-29 [REDACTED_IP].465 27653 27671 V [REDACTED_TOKEN]: notify eventType : 3, ext1 : 0, ext2 : 0
04-29 [REDACTED_IP].466  1208  1376 I SemMediaResourceHelper: onState
04-29 [REDACTED_IP].466 27653 27719 I SemMediaResourceHelper: onState
04-29 [REDACTED_IP].466 27653 27719 I DrmMediaResourceHelper: onStateChanged size = 1
04-29 [REDACTED_IP].466 27653 27719 I DrmMediaResourceHelper: resource type: 2,,,isSecured :  falseIsEncoder : truegetCodecState : 1getpid : 30595
04-29 [REDACTED_IP].466  3802  3802 I SemMediaResourceHelper: onState
04-29 [REDACTED_IP].955  1208  1208 W WindowManager: removeWindowToken: Attempted to remove non-existing token: android.os.Binder@d886e69
04-29 [REDACTED_IP].542   804   804 E audit   : type=1400 audit(1777474716.539:38764): avc:  denied  { write } for  pid=30036 comm="ThreadPoolForeg" name="traced_producer" dev="tmpfs" ino=9946 scontext=u:r:gmscore_app:s0:c512,c768 tcontext=u:object_r:traced_producer_socket:s0 tclass=sock_file permissive=0 SEPF_SM-M127F_13_0001 audit_filtered
04-29 [REDACTED_IP].542   804   804 E audit   : type=1300 audit(1777474716.539:38764): arch=c00000b7 syscall=203 success=no exit=-13 a0=5f a1=b4000077a44ebd40 a2=1e a3=ffffffff960e9fea items=1 ppid=821 pid=30036 auid=4294967295 uid=10198 gid=10198 euid=10198 suid=10198 fsuid=10198 egid=10198 sgid=10198 fsgid=10198 tty=(none) ses=4294967295 comm="ThreadPoolForeg" exe="/system/bin/app_process64" subj=u:r:gmscore_app:s0:c512,c768 key=(null)
04-29 [REDACTED_IP].543   804   804 E audit   : type=1306 audit(1777474716.539:38764): saddr=[REDACTED_TOKEN]
04-29 [REDACTED_IP].543   804   804 E audit   : type=1302 audit(1777474716.539:38764): item=0 name="/dev/socket/traced_producer" inode=9946 dev=00:10 mode=0140666 ouid=0 ogid=0 rdev=00:00 obj=u:object_r:traced_producer_socket:s0 nametype=NORMAL cap_fp=0000000000000000 cap_fi=0000000000000000 cap_fe=0 cap_fver=0
04-29 [REDACTED_IP].543   804   804 E audit   : type=1327 audit(1777474716.539:38764): proctitle="com.google.android.gms.persistent"
04-29 [REDACTED_IP].193   850   850 E sehhealth-service: Could not open /sys/class/power_supply/battery/lrp
04-29 [REDACTED_IP].193  1208  3923 D BatteryService: Sending ACTION_BATTERY_CHANGED: level:94, status:2, health:2, ac:false, usb:true, wireless:false, pogo:false, misc:0x10000, charge_type:1, charger_type:0, voltage:4180, temperature:322, online:4, current_avg:252, ps:false, hvc:false, capacity:280000, current_event:0x0, current_now:251, mcc:0, mcv:0, cc:4740000, present:true, scale:100, technology:Li-ion
04-29 [REDACTED_IP].196  1208  1378 D [REDACTED_TOKEN]: [SAR]  onReceive : ACTION_BATTERY_CHANGED, Plugged: 2
04-29 [REDACTED_IP].196  1208  1208 D PhoneWindowManagerExt: ACTION_BATTERY_CHANGED - Level=94, status=2
04-29 [REDACTED_IP].197  1208  1806 I [REDACTED_TOKEN]: action: android.intent.action.BATTERY_CHANGED
04-29 [REDACTED_IP].197  1208  1806 I [REDACTED_TOKEN]: phone battery level: 94
04-29 [REDACTED_IP].197  1208  1806 I [REDACTED_TOKEN]: phone battery status: 2
04-29 [REDACTED_IP].197  1208  1208 D [REDACTED_TOKEN]: Received : android.intent.action.BATTERY_CHANGED
04-29 [REDACTED_IP].198  1872  1872 D [REDACTED_TOKEN]: Intent: android.intent.action.BATTERY_CHANGED
04-29 [REDACTED_IP].199  1888  1888 D KeyguardUpdateMonitor: received broadcast android.intent.action.BATTERY_CHANGED
04-29 [REDACTED_IP].200  1888  1888 D [REDACTED_TOKEN]: onBatteryLevelChanged isSomethingChanged: false
04-29 [REDACTED_IP].200  1872  1872 D [REDACTED_TOKEN]: Intent: android.intent.action.BATTERY_CHANGED
04-29 [REDACTED_IP].200  1888  1888 D [REDACTED_TOKEN]: onBatteryLevelChanged isSomethingChanged: false
04-29 [REDACTED_IP].201  1888  1888 D [REDACTED_TOKEN]: onBatteryLevelChanged isSomethingChanged: false
04-29 [REDACTED_IP].201  1888  1888 D [REDACTED_TOKEN]: onBatteryLevelChanged isSomethingChanged: false
04-29 [REDACTED_IP].202  1888  1888 I PowerUI : mBootCompleted = true |  mFullyConnected = true
04-29 [REDACTED_IP].202  1888  1888 I PowerUI : BATTERY_HEALTH_CHECK extraHealth=2 mBatteryMiscEvent=65536
04-29 [REDACTED_IP].202  1888  1888 W PowerUI : Plug reason
04-29 [REDACTED_IP].202  1888  1888 W PowerUI : Skip charging animation - by plug status
04-29 [REDACTED_IP].202  1888  1888 D PowerUI : priorPlugType = 2 mPlugType = 2 priorBatteryStatus = 2 mBatteryStatus = 2
04-29 [REDACTED_IP].202  1888  1888 W PowerUI : Plug reason
04-29 [REDACTED_IP].202  1888 24946 D SecPowerUI.Notification: dismissing low battery warning: level=94
04-29 [REDACTED_IP].202  1888 24946 D SecPowerUI.Notification: updateNotification mWarning=false mPlaySound=false
04-29 [REDACTED_IP].202  1888 24946 D SecPowerUI.Notification: SecBatteryStatsSnapshot{batteryLevel=94, currentBatteryMode=0, chargingTime=1856000, chargingType=11, batteryHealth=2, automaticTestMode=false, isHiccupState=false}
04-29 [REDACTED_IP].203  1888  1888 W PowerUI : Skip charging sound - by plug status
04-29 [REDACTED_IP].203  1888  1888 I PowerUI : oldMisalign : false, curMisalign : false
04-29 [REDACTED_IP].204  1888  1888 D SecPowerUI.Notification: showChargingNotice oldChargingType : 11 / currentChargingType : 11, oldChargingTime : 1856000 / mChargingTime : 1856000
04-29 [REDACTED_IP].204  1888  1888 D SecPowerUI.Notification: There is no change about charging status, so return!
04-29 [REDACTED_IP].204  1888  1888 D PowerUI : Battery swelling mode - [REDACTED_TOKEN] = 0 mBatterySwellingMode = 0 mBatteryStatus = 2
04-29 [REDACTED_IP].204  1888  1888 I PowerUI : mBatteryMiscEvent = 65536
04-29 [REDACTED_IP].205  1888  1888 D KeyguardUpdateMonitor: handleBatteryUpdate
04-29 [REDACTED_IP].206  1888  1888 I AODBatteryManager: updateBatteryData: ACTION_BATTERY_CHANGED
04-29 [REDACTED_IP].206  1888 24946 D SecPowerUI.Notification: 1. restoreScreenTimeOut - saved_value : :
04-29 [REDACTED_IP].206  1888 24946 E SecPowerUI.Notification: no saved value, so we do nothing !!
04-29 [REDACTED_IP].207  1888  1888 I AODBatteryManager: saveBatteryData : AOD BatteryData [mBatteryLevel=94, mBatteryStatus=CHARGING, mBatteryPlugType=USB, mBatteryPlugged=true, mRemainingChargeTime=1856000, mBatteryChargingType=1, mBatteryChargerType=NORMAL, mBatteryOnline=USB, mBatterySwellingMode=NONE, mBatteryProtectMode=false]
04-29 [REDACTED_IP].323  1208  1255 W libprocessgroup: Failed to open /dev/blkio//cgroup.procs: No such file or directory
04-29 [REDACTED_IP].325  1208  1255 W libprocessgroup: Failed to open /dev/blkio//cgroup.procs: No such file or directory
04-29 [REDACTED_IP].463   845 32580 I HYPER-HAL: [RequestManager.cpp]releaseLocked(): Released ID : 1752256
04-29 [REDACTED_IP].020  1997  2485 D IpClient/wlan0: [REDACTED_TOKEN]: ifindex 12 up
04-29 [REDACTED_IP].290   391   391 D io_stats: !@ 179,0 r 22317715 330694923 w 2862960 29209740 d 813610 24577484 f 0 0 iot 5893560 0 th 0 0 0 pt 0 inp 0 0 48264.692
04-29 [REDACTED_IP].430  1208  3200 D [REDACTED_TOKEN]: onWifiUsabilityStats - seqNum 10265, isSameBssidAndFreq true
04-29 [REDACTED_IP].432  1208  1772 I [REDACTED_TOKEN]: Link Qos Query: 0.414 ms / 19.333 Mbps (58 / 0.000 / 3.000)
04-29 [REDACTED_IP].466 30595 31758 I MediaCodec: setCodecState state(0), called in 6
04-29 [REDACTED_IP].467  1208  2494 V [REDACTED_TOKEN]: JNIMediaResourceHelper::notify eventType : 3, ext1 : 0, ext2 : 0
04-29 [REDACTED_IP].468  1208  2494 V [REDACTED_TOKEN]: notify eventType : 3, ext1 : 0, ext2 : 0
04-29 [REDACTED_IP].468 27653 27671 V [REDACTED_TOKEN]: JNIMediaResourceHelper::notify eventType : 3, ext1 : 0, ext2 : 0
04-29 [REDACTED_IP].468 27653 27671 V [REDACTED_TOKEN]: notify eventType : 3, ext1 : 0, ext2 : 0
04-29 [REDACTED_IP].469  1208  1376 I SemMediaResourceHelper: onState
04-29 [REDACTED_IP].469 27653 27719 I SemMediaResourceHelper: onState
04-29 [REDACTED_IP].469  3802  3802 I SemMediaResourceHelper: onState
04-29 [REDACTED_IP].469 27653 27719 I DrmMediaResourceHelper: onStateChanged size = 1
04-29 [REDACTED_IP].469 27653 27719 I DrmMediaResourceHelper: resource type: 2,,,isSecured :  falseIsEncoder : truegetCodecState : 0getpid : 30595
04-29 [REDACTED_IP].290   391   391 D io_stats: !@ 179,0 r 22317735 330695023 w 2862960 29209740 d 813610 24577484 f 0 0 iot 5893564 0 th 0 0 0 pt 0 inp 0 0 48266.692